0.21229244497183777
16ccd131404890b31792afd6d7d8d4337a99aaba
-13.269124717541121
