8fba51cf32c5309fc7ffc23fd3fa97babe16b9e6
-26.73043394071427
